// Jest Snapshot v1, https://goo.gl/fbAQLP

exports[`comment createCommentFromChanges returns the expected string 1`] = `
"
## ðŸ“¦ \`myPkg\`

**Size Change:** +6 B (0.19 %)
**Total Size:** 31 B

| Filename           | Size       | Change                      |
| ------------------ | ---------- | --------------------------- |
| \`file5.js\`      | 1 B | -4 B (-80.00 %) |
| \`file10.js\`      | 20 B | +10 B (100.00 %) |

<details>
  <summary><strong>View Unchanged</strong></summary>

  | Filename           | Size       | Change                      |
  | ------------------ | ---------- | --------------------------- |
  | \`fileX.js\`      | 10 B | 0 B (0.00 %) |

</details>

<br />

**Total affected packages:** 1
**Total change:** 6 B
<!-- generated by @paper/size-limit-action -->
"
`;
